Microchip MPLAB XC8 Compiler V3.00

Linker command line:

-W-3 --edf=/opt/microchip/xc8/v3.00/pic/dat/20241204225717_en.msgs -cn \
  -h+PIC_Test_default_default.sym --cmf=PIC_Test_default_default.cmf -z \
  -Q16F883 -o/tmp/xcXmCJEbE/driver_tmp_3.o --defsym=__MPLAB_BUILD=1 \
  --fixupoverflow=error -Mmem.map --md=/tmp/xcXmCJEbE/driver_tmp_0.dat -E1 \
  -ver=XC8 Compiler -ACODE=00h-07FFhx2 -ASTRCODE=00h-0FFFh \
  -ASTRING=00h-0FFhx16 -ACONST=00h-0FFhx16 -AENTRY=00h-0FFhx16 \
  -ACOMMON=070h-07Fh -ABANK0=020h-06Fh -ABANK1=0A0h-0EFh \
  -ABANK2=0120h-016Fh -ARAM=020h-06Fh,0A0h-0EFh,0120h-016Fh \
  -AABS1=020h-07Fh,0A0h-0EFh,0120h-016Fh -ASFR0=00h-01Fh -ASFR1=080h-09Fh \
  -ASFR2=0100h-011Fh -ASFR3=0180h-01EFh -ACONFIG=02007h-02008h -DCONFIG=2 \
  -AIDLOC=02000h-02003h -DIDLOC=2 -AEEDATA=00h-0FFh/02100h \
  -peeprom_data=EEDATA -DEEDATA=2 -DCODE=2 -DSTRCODE=2 -DSTRING=2 -DCONST=2 \
  -DENTRY=2 -preset_vec=00h,intentry=04h,sivt,init,end_init -ppowerup=CODE \
  -pcinit=CODE -pfunctab=ENTRY -k /tmp/xcXmCJEbE/driver_tmp_12.o \
  PIC_Test_default_default.o 

Object code version is 3.11

Machine type is 16F883



                Name                               Link     Load   Length Selector   Space Scale
/tmp/xcXmCJEbE/driver_tmp_12.o
                end_init                              B        B        2        8       0
                reset_vec                             0        0        2        0       0
                config                             2007     2007        1        0       4
PIC_Test_default_default.o
                cinit                                 D        D       21        8       0
                intentry                              4        4        7        8       0
                config                             2007     2007        1        0       4
                text24                              C7B      C7B       4A     18F6       0
                text23                              B6F      B6F       1E     16DE       0
                text22                              7AD      7AD       4A        8       0
                text21                              EB9      EB9       6C     1D72       0
                text20                              B46      B46       13     168C       0
                text19                              D81      D81       66     1B02       0
                text18                              DE7      DE7       69     1BCE       0
                text17                              B02      B02       10     1604       0
                text16                              D1E      D1E       63     1A3C       0
                text15                              CC5      CC5       59     198A       0
                text14                              F25      F25       6C     1E4A       0
                text13                              E50      E50       69     1CA0       0
                text12                              B34      B34       12     1668       0
                text11                              69A      69A      113        8       0
                text10                              C33      C33       48     1866       0
                text9                               BD6      BD6       2E     17AC       0
                text8                               B8D      B8D       22     171A       0
                text7                               AE5      AE5        E     15CA       0
                text6                               AF3      AF3        F     15E6       0
                text5                               488      488      212        8       0
                text4                               F91      F91       6F     1F22       0
                text3                               C04      C04       2F     1808       0
                text2                               B12      B12       11     1624       0
                text1                               BAF      BAF       27     175E       0
                maintext                             2E       2E      45A        8       0
                cstackBANK0                          47       47       26       20       1
                cstackCOMMON                         70       70        A       70       1
                cstackBANK1                          D8       D8        3       A0       1
                clrtext                             7F7      7F7        8        8       0
                inittext                            B23      B23       11     1646       0
                dataBANK1                            C2       C2       16       A0       1
                bssBANK1                             A0       A0       22       A0       1
                dataBANK0                            6D       6D        1       20       1
                bssBANK0                             20       20       27       20       1
                bssCOMMON                            7A       7A        2       70       1
                idataBANK1                          B59      B59       16     16B2       0
                idataBANK0                          7FF      7FF        1        8       0

TOTAL           Name                               Link     Load   Length     Space
        CLASS   CODE           
                end_init                              B        B        2         0
                cinit                                 D        D       21         0
                intentry                              4        4        7         0
                reset_vec                             0        0        2         0
                text24                              C7B      C7B       4A         0
                text23                              B6F      B6F       1E         0
                text22                              7AD      7AD       4A         0
                text21                              EB9      EB9       6C         0
                text20                              B46      B46       13         0
                text19                              D81      D81       66         0
                text18                              DE7      DE7       69         0
                text17                              B02      B02       10         0
                text16                              D1E      D1E       63         0
                text15                              CC5      CC5       59         0
                text14                              F25      F25       6C         0
                text13                              E50      E50       69         0
                text12                              B34      B34       12         0
                text11                              69A      69A      113         0
                text10                              C33      C33       48         0
                text9                               BD6      BD6       2E         0
                text8                               B8D      B8D       22         0
                text7                               AE5      AE5        E         0
                text6                               AF3      AF3        F         0
                text5                               488      488      212         0
                text4                               F91      F91       6F         0
                text3                               C04      C04       2F         0
                text2                               B12      B12       11         0
                text1                               BAF      BAF       27         0
                maintext                             2E       2E      45A         0
                clrtext                             7F7      7F7        8         0
                inittext                            B23      B23       11         0
                idataBANK1                          B59      B59       16         0
                idataBANK0                          7FF      7FF        1         0

        CLASS   STRCODE        

        CLASS   STRING         

        CLASS   CONST          

        CLASS   ENTRY          

        CLASS   COMMON         
                cstackCOMMON                         70       70        A         1
                bssCOMMON                            7A       7A        2         1

        CLASS   BANK0          
                cstackBANK0                          47       47       26         1
                dataBANK0                            6D       6D        1         1
                bssBANK0                             20       20       27         1

        CLASS   BANK1          
                cstackBANK1                          D8       D8        3         1
                dataBANK1                            C2       C2       16         1
                bssBANK1                             A0       A0       22         1

        CLASS   BANK2          

        CLASS   RAM            

        CLASS   ABS1           
                abs_s1                               7E       7E        2         1

        CLASS   SFR0           

        CLASS   SFR1           

        CLASS   SFR2           

        CLASS   SFR3           

        CLASS   CONFIG         
                config                             2007     2007        1         4

        CLASS   IDLOC          

        CLASS   EEDATA         

        CLASS   BANK3          

        CLASS   HEAP           

        CLASS   STACK          



SEGMENTS        Name                           Load    Length   Top    Selector   Space  Class     Delta

                text10                         000C33  000048  000C7B      1866       0  CODE        2
                text24                         000C7B  00004A  000CC5      18F6       0  CODE        2
                text3                          000C04  00002F  000C33      1808       0  CODE        2
                text1                          000BAF  000027  000BD6      175E       0  CODE        2
                text9                          000BD6  00002E  000C04      17AC       0  CODE        2
                text18                         000DE7  000069  000E50      1BCE       0  CODE        2
                text13                         000E50  000069  000EB9      1CA0       0  CODE        2
                text19                         000D81  000066  000DE7      1B02       0  CODE        2
                text15                         000CC5  000059  000D1E      198A       0  CODE        2
                text16                         000D1E  000063  000D81      1A3C       0  CODE        2
                text2                          000B12  000011  000B23      1624       0  CODE        2
                inittext                       000B23  000011  000B34      1646       0  CODE        2
                text17                         000B02  000010  000B12      1604       0  CODE        2
                text7                          000AE5  00000E  000AF3      15CA       0  CODE        2
                text6                          000AF3  00000F  000B02      15E6       0  CODE        2
                text23                         000B6F  00001E  000B8D      16DE       0  CODE        2
                text8                          000B8D  000022  000BAF      171A       0  CODE        2
                idataBANK1                     000B59  000016  000B6F      16B2       0  CODE        2
                text12                         000B34  000012  000B46      1668       0  CODE        2
                text20                         000B46  000013  000B59      168C       0  CODE        2
                text21                         000EB9  00006C  000F25      1D72       0  CODE        2
                cstackCOMMON                   000070  00000C  00007C        70       1  COMMON      1
                reset_vec                      000000  000002  000002         0       0  CODE        2
                intentry                       000004  0007FC  000800         8       0  CODE        2
                text14                         000F25  00006C  000F91      1E4A       0  CODE        2
                text4                          000F91  00006F  001000      1F22       0  CODE        2
                bssBANK0                       000020  00004E  00006E        20       1  BANK0       1
                bssBANK1                       0000A0  00003B  0000DB        A0       1  BANK1       1


UNUSED ADDRESS RANGES

        Name                Unused          Largest block    Delta
        BANK0            006E-006F              2           1
        BANK1            00DB-00EF             15           1
        BANK2            0120-016F             50           1
        CODE             0002-0003              2           2
                         0800-0AE4            2E5
        COMMON           007C-007D              2           1
        CONFIG           2008-2008              1           2
        CONST            0002-0003              2           2
                         0800-0AE4            100
        EEDATA           2100-21FF            100           2
        ENTRY            0002-0003              2           2
                         0800-0AE4            100
        IDLOC            2000-2003              4           2
        RAM              006E-006F              2           1
                         00DB-00EF             15
                         0120-016F             50
        SFR0             0000-001F             20           1
        SFR1             0080-009F             20           1
        SFR2             0100-011F             20           1
        SFR3             0180-01EF             70           1
        STRCODE          0002-0003              2           2
                         0800-0AE4            2E5
        STRING           0002-0003              2           2
                         0800-0AE4            100

                                  Symbol Table

?___awdiv                               cstackCOMMON 0072
?___awmod                               cstackBANK0  0047
?___lldiv                               cstackBANK0  004C
?___lmul                                cstackCOMMON 0072
?_readADC                               cstackCOMMON 0072
EEPROM_Read@address                     cstackCOMMON 0072
EEPROM_Write@address                    cstackCOMMON 0073
EEPROM_Write@data                       cstackCOMMON 0072
_ADCON0                                 (abs)        001F
_ADCON0bits                             (abs)        001F
_ADCON1                                 (abs)        009F
_ADRESH                                 (abs)        001E
_ADRESL                                 (abs)        009E
_ANSEL                                  (abs)        0188
_ANSELH                                 (abs)        0189
_EEADR                                  (abs)        010D
_EECON1bits                             (abs)        018C
_EECON2                                 (abs)        018D
_EEDATA                                 (abs)        010C
_EEPROM_Read                            text20       0B46
_EEPROM_Write                           text23       0B6F
_INTCONbits                             (abs)        000B
_OPTION_REGbits                         (abs)        0081
_OSCCONbits                             (abs)        008F
_PIE1bits                               (abs)        008C
_PIR1bits                               (abs)        000C
_PORTA                                  (abs)        0005
_PORTAbits                              (abs)        0005
_PORTB                                  (abs)        0006
_PORTBbits                              (abs)        0006
_PORTC                                  (abs)        0007
_PORTCbits                              (abs)        0007
_T1CON                                  (abs)        0010
_T1CONbits                              (abs)        0010
_TMR0                                   (abs)        0001
_TMR1H                                  (abs)        000F
_TMR1L                                  (abs)        000E
_TRISA                                  (abs)        0085
_TRISB                                  (abs)        0086
_TRISC                                  (abs)        0087
__H__absolute__                         __absolute__ 0000
__Habs1                                 abs1         0000
__Hbank0                                bank0        0000
__Hbank1                                bank1        0000
__Hbank2                                bank2        0000
__Hbank3                                bank3        0000
__HbssBANK0                             bssBANK0     0000
__HbssBANK1                             bssBANK1     0000
__HbssCOMMON                            bssCOMMON    0000
__Hcinit                                cinit        002E
__Hclrtext                              clrtext      0000
__Hcode                                 code         0000
__Hcommon                               common       0000
__Hconfig                               config       2008
__HcstackBANK0                          cstackBANK0  0000
__HcstackBANK1                          cstackBANK1  0000
__HcstackCOMMON                         cstackCOMMON 0000
__HdataBANK0                            dataBANK0    0000
__HdataBANK1                            dataBANK1    0000
__Heeprom_data                          eeprom_data  0000
__Hend_init                             end_init     000D
__Hfunctab                              functab      0000
__Hheap                                 heap         0000
__HidataBANK0                           idataBANK0   0000
__HidataBANK1                           idataBANK1   0000
__Hinit                                 init         000B
__Hinittext                             inittext     0000
__Hintentry                             intentry     000B
__Hmaintext                             maintext     0000
__Hpowerup                              powerup      0000
__Hram                                  ram          0000
__Hreset_vec                            reset_vec    0002
__Hsfr0                                 sfr0         0000
__Hsfr1                                 sfr1         0000
__Hsfr2                                 sfr2         0000
__Hsfr3                                 sfr3         0000
__Hsivt                                 sivt         000B
__Hspace_0                              (abs)        1000
__Hspace_1                              (abs)        00DB
__Hspace_2                              (abs)        0000
__Hspace_3                              (abs)        0000
__Hspace_4                              (abs)        400F
__Hstack                                stack        0000
__Hstrings                              strings      0000
__Htext                                 text         0000
__L__absolute__                         __absolute__ 0000
__Labs1                                 abs1         0000
__Lbank0                                bank0        0000
__Lbank1                                bank1        0000
__Lbank2                                bank2        0000
__Lbank3                                bank3        0000
__LbssBANK0                             bssBANK0     0000
__LbssBANK1                             bssBANK1     0000
__LbssCOMMON                            bssCOMMON    0000
__Lcinit                                cinit        000D
__Lclrtext                              clrtext      0000
__Lcode                                 code         0000
__Lcommon                               common       0000
__Lconfig                               config       0000
__LcstackBANK0                          cstackBANK0  0000
__LcstackBANK1                          cstackBANK1  0000
__LcstackCOMMON                         cstackCOMMON 0000
__LdataBANK0                            dataBANK0    0000
__LdataBANK1                            dataBANK1    0000
__Leeprom_data                          eeprom_data  0000
__Lend_init                             end_init     000B
__Lfunctab                              functab      0000
__Lheap                                 heap         0000
__LidataBANK0                           idataBANK0   0000
__LidataBANK1                           idataBANK1   0000
__Linit                                 init         000B
__Linittext                             inittext     0000
__Lintentry                             intentry     0004
__Lmaintext                             maintext     0000
__Lpowerup                              powerup      0000
__Lram                                  ram          0000
__Lreset_vec                            reset_vec    0000
__Lsfr0                                 sfr0         0000
__Lsfr1                                 sfr1         0000
__Lsfr2                                 sfr2         0000
__Lsfr3                                 sfr3         0000
__Lsivt                                 sivt         000B
__Lspace_0                              (abs)        0000
__Lspace_1                              (abs)        0000
__Lspace_2                              (abs)        0000
__Lspace_3                              (abs)        0000
__Lspace_4                              (abs)        0000
__Lstack                                stack        0000
__Lstrings                              strings      0000
__Ltext                                 text         0000
__S0                                    (abs)        1000
__S1                                    (abs)        00DB
__S3                                    (abs)        0000
___awdiv                                text16       0D1E
___awdiv@counter                        cstackCOMMON 0076
___awdiv@dividend                       cstackCOMMON 0074
___awdiv@divisor                        cstackCOMMON 0072
___awdiv@quotient                       cstackCOMMON 0078
___awdiv@sign                           cstackCOMMON 0077
___awmod                                text15       0CC5
___awmod@counter                        cstackBANK0  004B
___awmod@dividend                       cstackBANK0  0049
___awmod@divisor                        cstackBANK0  0047
___awmod@sign                           cstackBANK0  004C
___heap_hi                              (abs)        0000
___heap_lo                              (abs)        0000
___int_sp                               stack        0000
___int_stack_hi                         stack        0000
___int_stack_lo                         stack        0000
___latbits                              (abs)        0001
___lldiv                                text19       0D81
___lldiv@counter                        cstackBANK0  0059
___lldiv@dividend                       cstackBANK0  0050
___lldiv@divisor                        cstackBANK0  004C
___lldiv@quotient                       cstackBANK0  0055
___lmul                                 text10       0C33
___lmul@multiplicand                    cstackCOMMON 0076
___lmul@multiplier                      cstackCOMMON 0072
___lmul@product                         cstackBANK0  0048
___sp                                   stack        0000
___stack_hi                             stack        0000
___stack_lo                             stack        0000
___stackhi                              (abs)        0000
___stacklo                              (abs)        0000
__end_of_EEPROM_Read                    text20       0B59
__end_of_EEPROM_Write                   text23       0B8D
__end_of___awdiv                        text16       0D81
__end_of___awmod                        text15       0D1E
__end_of___lldiv                        text19       0DE7
__end_of___lmul                         text10       0C7B
__end_of__initialization                cinit        002B
__end_of_buzzer_update                  text22       07F7
__end_of_check_button_press             text21       0F25
__end_of_dispinfo                       text11       07AD
__end_of_getSensorResults               text9        0C04
__end_of_getsensorreadings              text5        069A
__end_of_initLCD                        text4        1000
__end_of_initSystem                     text3        0C33
__end_of_init_timer                     text2        0B23
__end_of_isr                            text24       0CC5
__end_of_lcd_cmd                        text13       0EB9
__end_of_lcd_data                       text18       0E50
__end_of_lcd_display_bool_binary        text17       0B12
__end_of_lcd_display_int                text14       0F91
__end_of_lcd_set_cursor                 text12       0B46
__end_of_main                           maintext     0488
__end_of_readADC                        text8        0BAF
__end_of_setupTimer0                    text7        0AF3
__end_of_startSensorReading             text6        0B02
__end_of_trigger_buzzer                 text1        0BD6
__initialization                        cinit        000D
__pbssBANK0                             bssBANK0     0020
__pbssBANK1                             bssBANK1     00A0
__pbssCOMMON                            bssCOMMON    007A
__pcstackBANK0                          cstackBANK0  0047
__pcstackBANK1                          cstackBANK1  00D8
__pcstackCOMMON                         cstackCOMMON 0070
__pdataBANK0                            dataBANK0    006D
__pdataBANK1                            dataBANK1    00C2
__pidataBANK0                           idataBANK0   07FF
__pidataBANK1                           idataBANK1   0B59
__pintentry                             intentry     0004
__pmaintext                             maintext     002E
__ptext1                                text1        0BAF
__ptext10                               text10       0C33
__ptext11                               text11       069A
__ptext12                               text12       0B34
__ptext13                               text13       0E50
__ptext14                               text14       0F25
__ptext15                               text15       0CC5
__ptext16                               text16       0D1E
__ptext17                               text17       0B02
__ptext18                               text18       0DE7
__ptext19                               text19       0D81
__ptext2                                text2        0B12
__ptext20                               text20       0B46
__ptext21                               text21       0EB9
__ptext22                               text22       07AD
__ptext23                               text23       0B6F
__ptext24                               text24       0C7B
__ptext3                                text3        0C04
__ptext4                                text4        0F91
__ptext5                                text5        0488
__ptext6                                text6        0AF3
__ptext7                                text7        0AE5
__ptext8                                text8        0B8D
__ptext9                                text9        0BD6
_buzzer_active                          bssBANK0     0032
_buzzer_duration                        bssBANK1     00B8
_buzzer_start_time                      bssBANK1     00A8
_buzzer_update                          text22       07AD
_check_button_press                     text21       0EB9
_dispinfo                               text11       069A
_dryrunerror                            bssBANK0     0039
_dryruntime                             bssBANK1     00BC
_flow_sensor_active                     bssBANK0     0044
_flow_sensor_high_count                 bssBANK0     003E
_flowactive                             bssBANK0     0034
_getSensorResults                       text9        0BD6
_getsensorreadings                      text5        0488
_high_sensor_active                     bssBANK0     0045
_high_sensor_high_count                 bssBANK0     003F
_initLCD                                text4        0F91
_initSystem                             text3        0C04
_init_timer                             text2        0B12
_isr                                    text24       0C7B
_last_millis                            bssBANK1     00B4
_lastdispupdt                           bssBANK1     00A0
_lastdryruncheck                        bssBANK1     00B0
_lastflowcheck                          bssBANK0     0030
_lastsensorcheck                        bssBANK0     0020
_lastvoltageerror                       bssBANK0     0024
_lcd_cmd                                text13       0E50
_lcd_data                               text18       0DE7
_lcd_display_bool_binary                text17       0B02
_lcd_display_int                        text14       0F25
_lcd_set_cursor                         text12       0B34
_low_sensor_active                      bssBANK0     0046
_low_sensor_high_count                  bssCOMMON    007A
_lt                                     bssBANK1     00A4
_main                                   maintext     002E
_mannualon                              bssBANK0     003B
_maximumrinningvoltage                  dataBANK1    00CE
_maxruntime                             dataBANK1    00C2
_maxruntimeindex                        dataBANK0    006D
_maxvoltagelimit                        dataBANK1    00D2
_millis                                 bssBANK0     0028
_minimumrunningvoltage                  dataBANK1    00D0
_minvoltagelimit                        dataBANK1    00D4
_motorrunning                           bssBANK0     0037
_motorstarttime                         bssBANK1     00AC
_potraw                                 bssBANK1     00C0
_pretankempty                           bssBANK0     0035
_readADC                                text8        0B8D
_reading_count                          bssCOMMON    007B
_seconds_counter                        bssBANK0     002C
_sensors_reading_complete               bssBANK0     003D
_sensors_reading_in_progress            bssBANK0     003C
_settingsmode                           bssBANK0     0041
_setupTimer0                            text7        0AE5
_smc                                    bssBANK0     0042
_startSensorReading                     text6        0AF3
_tankempty                              bssBANK0     0036
_timeouterror                           bssBANK0     0038
_trigger_buzzer                         text1        0BAF
_voltage                                bssBANK0     0040
_voltageerror                           bssBANK0     003A
_voltageraw                             bssBANK1     00BE
_voltagesum                             bssBANK1     00BA
btemp                                   (abs)        007E
check_button_press@hold_count           cstackCOMMON 0076
check_button_press@long_press           cstackCOMMON 0078
check_button_press@long_press_threshold cstackCOMMON 0074
clear_ram0                              clrtext      07F7
dispinfo@refreshtime                    cstackBANK0  0064
end_of_initialization                   cinit        002B
getSensorResults@flow_active            cstackCOMMON 0074
getSensorResults@high_active            cstackCOMMON 0073
getSensorResults@low_active             cstackCOMMON 0072
getsensorreadings@i                     cstackBANK0  0062
init_fetch0                             inittext     0B23
init_ram0                               inittext     0B27
interrupt_function                      intentry     0004
intlevel0                               functab      0000
intlevel1                               functab      0000
intlevel2                               functab      0000
intlevel3                               functab      0000
intlevel4                               functab      0000
intlevel5                               functab      0000
lcd_cmd@cmd                             cstackCOMMON 0073
lcd_data@data                           cstackCOMMON 0073
lcd_display_bool_binary@value           cstackCOMMON 0074
lcd_display_int@num                     cstackBANK0  005A
lcd_set_cursor@address                  cstackCOMMON 0076
lcd_set_cursor@col                      cstackCOMMON 0074
lcd_set_cursor@row                      cstackCOMMON 0075
main@i                                  cstackBANK1  00DA
main@is_long_press                      cstackBANK1  00D8
main@is_long_press_463                  cstackBANK1  00D9
readADC@channel                         cstackCOMMON 0075
reset_vec                               reset_vec    0000
saved_w                                 (abs)        007E
start                                   init         000B
start_initialization                    cinit        000D
trigger_buzzer@duration_seconds         cstackCOMMON 0072
wtemp0                                  (abs)        007E


MODULE INFORMATION

Module		Function		Class		Link	Load	Size
/opt/microchip/xc8/v3.00/pic/sources/c99/common/awdiv.c
		___awdiv       		CODE           	0D1E	0000	99

/opt/microchip/xc8/v3.00/pic/sources/c99/common/awdiv.c estimated size: 99

/home/afnan/MPLABXProjects/PIC_Test.X/main.c
		_getSensorResults		CODE           	0BD6	0000	46
		_dispinfo      		CODE           	069A	0000	275
		_initSystem    		CODE           	0C04	0000	47
		_lcd_cmd       		CODE           	0E50	0000	105
		_lcd_data      		CODE           	0DE7	0000	105
		_EEPROM_Read   		CODE           	0B46	0000	19
		_startSensorReading		CODE           	0AF3	0000	15
		_EEPROM_Write  		CODE           	0B6F	0000	30
		_main          		CODE           	002E	0000	1114
		_trigger_buzzer		CODE           	0BAF	0000	39
		_lcd_set_cursor		CODE           	0B34	0000	18
		_buzzer_update 		CODE           	07AD	0000	74
		_init_timer    		CODE           	0B12	0000	17
		_isr           		CODE           	0C7B	0000	74
		_check_button_press		CODE           	0EB9	0000	108
		_lcd_display_bool_binary		CODE           	0B02	0000	16
		_lcd_display_int		CODE           	0F25	0000	108
		_readADC       		CODE           	0B8D	0000	34
		_getsensorreadings		CODE           	0488	0000	530
		_setupTimer0   		CODE           	0AE5	0000	14
		_initLCD       		CODE           	0F91	0000	111

/home/afnan/MPLABXProjects/PIC_Test.X/main.c estimated size: 2899

shared
		__initialization		CODE           	000D	0000	30

shared estimated size: 30

/opt/microchip/xc8/v3.00/pic/sources/c99/common/awmod.c
		___awmod       		CODE           	0CC5	0000	89

/opt/microchip/xc8/v3.00/pic/sources/c99/common/awmod.c estimated size: 89

/opt/microchip/xc8/v3.00/pic/sources/c99/common/__lldiv.c
		___lldiv       		CODE           	0D81	0000	102

/opt/microchip/xc8/v3.00/pic/sources/c99/common/__lldiv.c estimated size: 102

/opt/microchip/xc8/v3.00/pic/sources/c99/common/Umul32.c
		___lmul        		CODE           	0C33	0000	72

/opt/microchip/xc8/v3.00/pic/sources/c99/common/Umul32.c estimated size: 72

