Microchip MPLAB XC8 Compiler V3.00

Linker command line:

-W-3 --edf=/opt/microchip/xc8/v3.00/pic/dat/20241204225717_en.msgs -cn \
  -h+PIC_Test_default_default.sym --cmf=PIC_Test_default_default.cmf -z \
  -Q16F883 -o/tmp/xcXFcbhob/driver_tmp_3.o --defsym=__MPLAB_BUILD=1 \
  --fixupoverflow=error -Mmem.map --md=/tmp/xcXFcbhob/driver_tmp_0.dat -E1 \
  -ver=XC8 Compiler -ACODE=00h-07FFhx2 -ASTRCODE=00h-0FFFh \
  -ASTRING=00h-0FFhx16 -ACONST=00h-0FFhx16 -AENTRY=00h-0FFhx16 \
  -ACOMMON=070h-07Fh -ABANK0=020h-06Fh -ABANK1=0A0h-0EFh \
  -ABANK2=0120h-016Fh -ARAM=020h-06Fh,0A0h-0EFh,0120h-016Fh \
  -AABS1=020h-07Fh,0A0h-0EFh,0120h-016Fh -ASFR0=00h-01Fh -ASFR1=080h-09Fh \
  -ASFR2=0100h-011Fh -ASFR3=0180h-01EFh -ACONFIG=02007h-02008h -DCONFIG=2 \
  -AIDLOC=02000h-02003h -DIDLOC=2 -AEEDATA=00h-0FFh/02100h \
  -peeprom_data=EEDATA -DEEDATA=2 -DCODE=2 -DSTRCODE=2 -DSTRING=2 -DCONST=2 \
  -DENTRY=2 -preset_vec=00h,intentry=04h,sivt,init,end_init -ppowerup=CODE \
  -pcinit=CODE -pfunctab=ENTRY -k /tmp/xcXFcbhob/driver_tmp_12.o \
  PIC_Test_default_default.o 

Object code version is 3.11

Machine type is 16F883



                Name                               Link     Load   Length Selector   Space Scale
/tmp/xcXFcbhob/driver_tmp_12.o
                end_init                              B        B        2        8       0
                reset_vec                             0        0        2        0       0
                config                             2007     2007        1        0       4
PIC_Test_default_default.o
                cinit                                 D        D       28        8       0
                intentry                              4        4        7        8       0
                config                             2007     2007        1        0       4
                text19                              626      626       53        8       0
                text18                              56C      56C       66        8       0
                text17                              5D2      5D2       54        8       0
                text16                              6C8      6C8       48        8       0
                text15                              710      710       44        8       0
                text14                              500      500       6C        8       0
                text13                              78A      78A       2E        8       0
                text12                              7B8      7B8       2A        8       0
                text11                              F65      F65       11     1ECA       0
                text10                              F87      F87       13     1F0E       0
                text9                               F9A      F9A       1E     1F34       0
                text8                               679      679       4F        8       0
                text7                               FB8      FB8       21     1F70       0
                text6                               7E2      7E2       1E        8       0
                text5                               F47      F47        F     1E8E       0
                text4                               754      754       36        8       0
                text3                               F2B      F2B        E     1E56       0
                text2                               F56      F56        F     1EAC       0
                text1                               FD9      FD9       27     1FB2       0
                maintext                             35       35      4CB        8       0
                cstackBANK0                          4A       4A       1B       20       1
                cstackCOMMON                         70       70        A       70       1
                cstackBANK1                          BE       BE        3       A0       1
                clrtext                             F1A      F1A        8     1E34       0
                inittext                            F76      F76       11     1EEC       0
                dataBANK1                            B0       B0        E       A0       1
                bssBANK1                             A0       A0       10       A0       1
                dataBANK0                            65       65        9       20       1
                bssBANK0                             20       20       2A       20       1
                bssCOMMON                            7A       7A        2       70       1
                idataBANK1                          F39      F39        E     1E72       0
                idataBANK0                          F22      F22        9     1E44       0

TOTAL           Name                               Link     Load   Length     Space
        CLASS   CODE           
                end_init                              B        B        2         0
                cinit                                 D        D       28         0
                intentry                              4        4        7         0
                reset_vec                             0        0        2         0
                text19                              626      626       53         0
                text18                              56C      56C       66         0
                text17                              5D2      5D2       54         0
                text16                              6C8      6C8       48         0
                text15                              710      710       44         0
                text14                              500      500       6C         0
                text13                              78A      78A       2E         0
                text12                              7B8      7B8       2A         0
                text11                              F65      F65       11         0
                text10                              F87      F87       13         0
                text9                               F9A      F9A       1E         0
                text8                               679      679       4F         0
                text7                               FB8      FB8       21         0
                text6                               7E2      7E2       1E         0
                text5                               F47      F47        F         0
                text4                               754      754       36         0
                text3                               F2B      F2B        E         0
                text2                               F56      F56        F         0
                text1                               FD9      FD9       27         0
                maintext                             35       35      4CB         0
                clrtext                             F1A      F1A        8         0
                inittext                            F76      F76       11         0
                idataBANK1                          F39      F39        E         0
                idataBANK0                          F22      F22        9         0

        CLASS   STRCODE        

        CLASS   STRING         

        CLASS   CONST          

        CLASS   ENTRY          

        CLASS   COMMON         
                cstackCOMMON                         70       70        A         1
                bssCOMMON                            7A       7A        2         1

        CLASS   BANK0          
                cstackBANK0                          4A       4A       1B         1
                dataBANK0                            65       65        9         1
                bssBANK0                             20       20       2A         1

        CLASS   BANK1          
                cstackBANK1                          BE       BE        3         1
                dataBANK1                            B0       B0        E         1
                bssBANK1                             A0       A0       10         1

        CLASS   BANK2          

        CLASS   RAM            

        CLASS   ABS1           
                abs_s1                               7E       7E        2         1

        CLASS   SFR0           

        CLASS   SFR1           

        CLASS   SFR2           

        CLASS   SFR3           

        CLASS   CONFIG         
                config                             2007     2007        1         4

        CLASS   IDLOC          

        CLASS   EEDATA         

        CLASS   BANK3          

        CLASS   HEAP           

        CLASS   STACK          



SEGMENTS        Name                           Load    Length   Top    Selector   Space  Class     Delta

                text11                         000F65  000011  000F76      1ECA       0  CODE        2
                text2                          000F56  00000F  000F65      1EAC       0  CODE        2
                inittext                       000F76  000011  000F87      1EEC       0  CODE        2
                reset_vec                      000000  000002  000002         0       0  CODE        2
                text5                          000F47  00000F  000F56      1E8E       0  CODE        2
                text10                         000F87  000013  000F9A      1F0E       0  CODE        2
                text9                          000F9A  00001E  000FB8      1F34       0  CODE        2
                idataBANK0                     000F22  000009  000F2B      1E44       0  CODE        2
                clrtext                        000F1A  000008  000F22      1E34       0  CODE        2
                text3                          000F2B  00000E  000F39      1E56       0  CODE        2
                idataBANK1                     000F39  00000E  000F47      1E72       0  CODE        2
                bssBANK1                       0000A0  000021  0000C1        A0       1  BANK1       1
                bssBANK0                       000020  00004E  00006E        20       1  BANK0       1
                intentry                       000004  0007FC  000800         8       0  CODE        2
                cstackCOMMON                   000070  00000C  00007C        70       1  COMMON      1
                text7                          000FB8  000021  000FD9      1F70       0  CODE        2
                text1                          000FD9  000027  001000      1FB2       0  CODE        2


UNUSED ADDRESS RANGES

        Name                Unused          Largest block    Delta
        BANK0            006E-006F              2           1
        BANK1            00C1-00EF             2F           1
        BANK2            0120-016F             50           1
        CODE             0002-0003              2           2
                         0800-0F19            71A
        COMMON           007C-007D              2           1
        CONFIG           2008-2008              1           2
        CONST            0002-0003              2           2
                         0800-0F19            100
        EEDATA           2100-21FF            100           2
        ENTRY            0002-0003              2           2
                         0800-0F19            100
        IDLOC            2000-2003              4           2
        RAM              006E-006F              2           1
                         00C1-00EF             2F
                         0120-016F             50
        SFR0             0000-001F             20           1
        SFR1             0080-009F             20           1
        SFR2             0100-011F             20           1
        SFR3             0180-01EF             70           1
        STRCODE          0002-0003              2           2
                         0800-0F19            71A
        STRING           0002-0003              2           2
                         0800-0F19            100

                                  Symbol Table

?_EEPROM_Read16                         cstackCOMMON 0073
?___lldiv                               cstackBANK0  004F
?___llmod                               cstackCOMMON 0072
?___lmul                                cstackCOMMON 0072
?_readADC                               cstackCOMMON 0072
EEPROM_Read16@address                   cstackCOMMON 0079
EEPROM_Read16@result                    cstackCOMMON 0077
EEPROM_Read@address                     cstackCOMMON 0072
EEPROM_Write16@address                  cstackCOMMON 0076
EEPROM_Write16@data                     cstackCOMMON 0074
EEPROM_Write@address                    cstackCOMMON 0073
EEPROM_Write@data                       cstackCOMMON 0072
_ADCON0                                 (abs)        001F
_ADCON0bits                             (abs)        001F
_ADCON1                                 (abs)        009F
_ADRESH                                 (abs)        001E
_ADRESL                                 (abs)        009E
_ANSEL                                  (abs)        0188
_ANSELH                                 (abs)        0189
_EEADR                                  (abs)        010D
_EECON1bits                             (abs)        018C
_EECON2                                 (abs)        018D
_EEDATA                                 (abs)        010C
_EEPROM_Read                            text10       0F87
_EEPROM_Read16                          text9        0F9A
_EEPROM_Write                           text6        07E2
_EEPROM_Write16                         text5        0F47
_INTCONbits                             (abs)        000B
_OPTION_REGbits                         (abs)        0081
_OSCCONbits                             (abs)        008F
_PIE1bits                               (abs)        008C
_PIR1bits                               (abs)        000C
_PORTA                                  (abs)        0005
_PORTAbits                              (abs)        0005
_PORTB                                  (abs)        0006
_PORTBbits                              (abs)        0006
_PORTC                                  (abs)        0007
_PORTCbits                              (abs)        0007
_T1CON                                  (abs)        0010
_T1CONbits                              (abs)        0010
_TMR0                                   (abs)        0001
_TMR1H                                  (abs)        000F
_TMR1L                                  (abs)        000E
_TRISA                                  (abs)        0085
_TRISB                                  (abs)        0086
_TRISC                                  (abs)        0087
__H__absolute__                         __absolute__ 0000
__Habs1                                 abs1         0000
__Hbank0                                bank0        0000
__Hbank1                                bank1        0000
__Hbank2                                bank2        0000
__Hbank3                                bank3        0000
__HbssBANK0                             bssBANK0     0000
__HbssBANK1                             bssBANK1     0000
__HbssCOMMON                            bssCOMMON    0000
__Hcinit                                cinit        0035
__Hclrtext                              clrtext      0000
__Hcode                                 code         0000
__Hcommon                               common       0000
__Hconfig                               config       2008
__HcstackBANK0                          cstackBANK0  0000
__HcstackBANK1                          cstackBANK1  0000
__HcstackCOMMON                         cstackCOMMON 0000
__HdataBANK0                            dataBANK0    0000
__HdataBANK1                            dataBANK1    0000
__Heeprom_data                          eeprom_data  0000
__Hend_init                             end_init     000D
__Hfunctab                              functab      0000
__Hheap                                 heap         0000
__HidataBANK0                           idataBANK0   0000
__HidataBANK1                           idataBANK1   0000
__Hinit                                 init         000B
__Hinittext                             inittext     0000
__Hintentry                             intentry     000B
__Hmaintext                             maintext     0000
__Hpowerup                              powerup      0000
__Hram                                  ram          0000
__Hreset_vec                            reset_vec    0002
__Hsfr0                                 sfr0         0000
__Hsfr1                                 sfr1         0000
__Hsfr2                                 sfr2         0000
__Hsfr3                                 sfr3         0000
__Hsivt                                 sivt         000B
__Hspace_0                              (abs)        1000
__Hspace_1                              (abs)        00C1
__Hspace_2                              (abs)        0000
__Hspace_3                              (abs)        0000
__Hspace_4                              (abs)        400F
__Hstack                                stack        0000
__Hstrings                              strings      0000
__Htext                                 text         0000
__L__absolute__                         __absolute__ 0000
__Labs1                                 abs1         0000
__Lbank0                                bank0        0000
__Lbank1                                bank1        0000
__Lbank2                                bank2        0000
__Lbank3                                bank3        0000
__LbssBANK0                             bssBANK0     0000
__LbssBANK1                             bssBANK1     0000
__LbssCOMMON                            bssCOMMON    0000
__Lcinit                                cinit        000D
__Lclrtext                              clrtext      0000
__Lcode                                 code         0000
__Lcommon                               common       0000
__Lconfig                               config       0000
__LcstackBANK0                          cstackBANK0  0000
__LcstackBANK1                          cstackBANK1  0000
__LcstackCOMMON                         cstackCOMMON 0000
__LdataBANK0                            dataBANK0    0000
__LdataBANK1                            dataBANK1    0000
__Leeprom_data                          eeprom_data  0000
__Lend_init                             end_init     000B
__Lfunctab                              functab      0000
__Lheap                                 heap         0000
__LidataBANK0                           idataBANK0   0000
__LidataBANK1                           idataBANK1   0000
__Linit                                 init         000B
__Linittext                             inittext     0000
__Lintentry                             intentry     0004
__Lmaintext                             maintext     0000
__Lpowerup                              powerup      0000
__Lram                                  ram          0000
__Lreset_vec                            reset_vec    0000
__Lsfr0                                 sfr0         0000
__Lsfr1                                 sfr1         0000
__Lsfr2                                 sfr2         0000
__Lsfr3                                 sfr3         0000
__Lsivt                                 sivt         000B
__Lspace_0                              (abs)        0000
__Lspace_1                              (abs)        0000
__Lspace_2                              (abs)        0000
__Lspace_3                              (abs)        0000
__Lspace_4                              (abs)        0000
__Lstack                                stack        0000
__Lstrings                              strings      0000
__Ltext                                 text         0000
__S0                                    (abs)        1000
__S1                                    (abs)        00C1
__S3                                    (abs)        0000
___heap_hi                              (abs)        0000
___heap_lo                              (abs)        0000
___int_sp                               stack        0000
___int_stack_hi                         stack        0000
___int_stack_lo                         stack        0000
___latbits                              (abs)        0001
___lldiv                                text18       056C
___lldiv@counter                        cstackBANK0  005C
___lldiv@dividend                       cstackBANK0  0053
___lldiv@divisor                        cstackBANK0  004F
___lldiv@quotient                       cstackBANK0  0058
___llmod                                text17       05D2
___llmod@counter                        cstackBANK0  004B
___llmod@dividend                       cstackCOMMON 0076
___llmod@divisor                        cstackCOMMON 0072
___lmul                                 text16       06C8
___lmul@multiplicand                    cstackCOMMON 0076
___lmul@multiplier                      cstackCOMMON 0072
___lmul@product                         cstackBANK0  004B
___sp                                   stack        0000
___stack_hi                             stack        0000
___stack_lo                             stack        0000
___stackhi                              (abs)        0000
___stacklo                              (abs)        0000
__end_of_EEPROM_Read                    text10       0F9A
__end_of_EEPROM_Read16                  text9        0FB8
__end_of_EEPROM_Write                   text6        0800
__end_of_EEPROM_Write16                 text5        0F56
__end_of___lldiv                        text18       05D2
__end_of___llmod                        text17       0626
__end_of___lmul                         text16       0710
__end_of__initialization                cinit        0032
__end_of_buzzer_update                  text15       0754
__end_of_check_button_press             text14       056C
__end_of_getSensorResults               text13       07B8
__end_of_initSystem                     text12       07E2
__end_of_init_timer                     text11       0F76
__end_of_isr                            text19       0679
__end_of_loadSettings                   text8        06C8
__end_of_main                           maintext     0500
__end_of_readADC                        text7        0FD9
__end_of_saveSettings                   text4        078A
__end_of_setupTimer0                    text3        0F39
__end_of_startSensorReading             text2        0F65
__end_of_trigger_buzzer                 text1        1000
__initialization                        cinit        000D
__pbssBANK0                             bssBANK0     0020
__pbssBANK1                             bssBANK1     00A0
__pbssCOMMON                            bssCOMMON    007A
__pcstackBANK0                          cstackBANK0  004A
__pcstackBANK1                          cstackBANK1  00BE
__pcstackCOMMON                         cstackCOMMON 0070
__pdataBANK0                            dataBANK0    0065
__pdataBANK1                            dataBANK1    00B0
__pidataBANK0                           idataBANK0   0F22
__pidataBANK1                           idataBANK1   0F39
__pintentry                             intentry     0004
__pmaintext                             maintext     0035
__ptext1                                text1        0FD9
__ptext10                               text10       0F87
__ptext11                               text11       0F65
__ptext12                               text12       07B8
__ptext13                               text13       078A
__ptext14                               text14       0500
__ptext15                               text15       0710
__ptext16                               text16       06C8
__ptext17                               text17       05D2
__ptext18                               text18       056C
__ptext19                               text19       0626
__ptext2                                text2        0F56
__ptext3                                text3        0F2B
__ptext4                                text4        0754
__ptext5                                text5        0F47
__ptext6                                text6        07E2
__ptext7                                text7        0FB8
__ptext8                                text8        0679
__ptext9                                text9        0F9A
_buzzer_active                          bssBANK0     0034
_buzzer_duration                        bssBANK0     0028
_buzzer_start_time                      bssBANK1     00A0
_buzzer_update                          text15       0710
_check_button_press                     text14       0500
_dryrunerror                            bssBANK0     003C
_dryruntime                             bssBANK0     002E
_flow_sensor_active                     bssBANK0     0047
_flow_sensor_high_count                 bssBANK0     0041
_flowactive                             bssBANK0     0036
_getSensorResults                       text13       078A
_high_sensor_active                     bssBANK0     0048
_high_sensor_high_count                 bssBANK0     0042
_initSystem                             text12       07B8
_init_timer                             text11       0F65
_isr                                    text19       0626
_lastdryruncheck                        bssBANK1     00AC
_lastflowcheck                          bssBANK0     002A
_lastsensorcheck                        bssBANK0     0020
_lastvoltageerror                       bssBANK1     00A4
_loadSettings                           text8        0679
_low_sensor_active                      bssBANK0     0049
_low_sensor_high_count                  bssCOMMON    007A
_main                                   maintext     0035
_mannualon                              bssBANK0     003E
_maximumrinningvoltage                  dataBANK0    0065
_maxruntime                             dataBANK1    00B0
_maxruntimeindex                        dataBANK0    006D
_maxvoltagelimit                        dataBANK0    0069
_minimumrunningvoltage                  dataBANK0    0067
_minvoltagelimit                        dataBANK0    006B
_motorrunning                           bssBANK0     003A
_motorstarttime                         bssBANK1     00A8
_potraw                                 bssBANK0     0032
_pretankempty                           bssBANK0     0037
_readADC                                text7        0FB8
_reading_count                          bssCOMMON    007B
_saveSettings                           text4        0754
_seconds_counter                        bssBANK0     0024
_sensors_reading_complete               bssBANK0     0040
_sensors_reading_in_progress            bssBANK0     003F
_settingsmode                           bssBANK0     0044
_setupTimer0                            text3        0F2B
_smc                                    bssBANK0     0045
_startSensorReading                     text2        0F56
_tankempty                              bssBANK0     0039
_timeouterror                           bssBANK0     003B
_to                                     bssBANK0     0046
_trigger_buzzer                         text1        0FD9
_voltage                                bssBANK0     0043
_voltageerror                           bssBANK0     003D
_voltageraw                             bssBANK0     0030
_voltagesum                             bssBANK0     002C
_waterreached                           bssBANK0     0038
btemp                                   (abs)        007E
check_button_press@hold_count           cstackCOMMON 0076
check_button_press@long_press           cstackCOMMON 0078
check_button_press@long_press_threshold cstackCOMMON 0074
clear_ram0                              clrtext      0F1A
end_of_initialization                   cinit        0032
getSensorResults@flow_active            cstackCOMMON 0074
getSensorResults@high_active            cstackCOMMON 0073
getSensorResults@low_active             cstackCOMMON 0072
init_fetch0                             inittext     0F76
init_ram0                               inittext     0F7A
interrupt_function                      intentry     0004
intlevel0                               functab      0000
intlevel1                               functab      0000
intlevel2                               functab      0000
intlevel3                               functab      0000
intlevel4                               functab      0000
intlevel5                               functab      0000
loadSettings@value16bit1                cstackBANK0  004B
loadSettings@value16bit2                cstackBANK0  004C
loadSettings@value16bit3                cstackBANK0  004D
loadSettings@value16bit4                cstackBANK0  004E
loadSettings@value8bit                  cstackBANK0  004A
main@i                                  cstackBANK1  00C0
main@i_464                              cstackBANK1  00BF
main@is_long_press                      cstackBANK1  00BE
readADC@channel                         cstackCOMMON 0075
reset_vec                               reset_vec    0000
saveSettings@value16bit1                cstackBANK0  004A
saveSettings@value16bit2                cstackBANK0  004C
saveSettings@value16bit3                cstackBANK0  004E
saveSettings@value16bit4                cstackBANK0  0050
saveSettings@value8bit                  cstackCOMMON 0077
saved_w                                 (abs)        007E
start                                   init         000B
start_initialization                    cinit        000D
trigger_buzzer@duration_seconds         cstackCOMMON 0072
wtemp0                                  (abs)        007E


MODULE INFORMATION

Module		Function		Class		Link	Load	Size
/home/afnan/MPLABXProjects/PIC_Test.X/main.c
		_getSensorResults		CODE           	078A	0000	46
		_saveSettings  		CODE           	0754	0000	54
		_initSystem    		CODE           	07B8	0000	42
		_EEPROM_Read   		CODE           	0F87	0000	19
		_startSensorReading		CODE           	0F56	0000	15
		_loadSettings  		CODE           	0679	0000	79
		_EEPROM_Write  		CODE           	07E2	0000	30
		_main          		CODE           	0035	0000	1227
		_EEPROM_Read16 		CODE           	0F9A	0000	30
		_trigger_buzzer		CODE           	0FD9	0000	39
		_EEPROM_Write16		CODE           	0F47	0000	15
		_buzzer_update 		CODE           	0710	0000	68
		_init_timer    		CODE           	0F65	0000	17
		_isr           		CODE           	0626	0000	83
		_check_button_press		CODE           	0500	0000	108
		_readADC       		CODE           	0FB8	0000	33
		_setupTimer0   		CODE           	0F2B	0000	14

/home/afnan/MPLABXProjects/PIC_Test.X/main.c estimated size: 1919

shared
		__initialization		CODE           	000D	0000	37

shared estimated size: 37

/opt/microchip/xc8/v3.00/pic/sources/c99/common/llmod.c
		___llmod       		CODE           	05D2	0000	84

/opt/microchip/xc8/v3.00/pic/sources/c99/common/llmod.c estimated size: 84

/opt/microchip/xc8/v3.00/pic/sources/c99/common/__lldiv.c
		___lldiv       		CODE           	056C	0000	102

/opt/microchip/xc8/v3.00/pic/sources/c99/common/__lldiv.c estimated size: 102

/opt/microchip/xc8/v3.00/pic/sources/c99/common/Umul32.c
		___lmul        		CODE           	06C8	0000	72

/opt/microchip/xc8/v3.00/pic/sources/c99/common/Umul32.c estimated size: 72

