Microchip MPLAB XC8 Compiler V3.00

Linker command line:

-W-3 --edf=/opt/microchip/xc8/v3.00/pic/dat/20241204225717_en.msgs -cn \
  -h+dist/default/debug/PIC_Test.X.debug.sym \
  --cmf=dist/default/debug/PIC_Test.X.debug.cmf -z -Q16F883 \
  -o/tmp/xcXEaHGgf/driver_tmp_3.o --defsym=__MPLAB_BUILD=1 \
  --fixupoverflow=error -Mdist/default/debug/PIC_Test.X.debug.map \
  --md=/tmp/xcXEaHGgf/driver_tmp_0.dat -E1 -ver=XC8 Compiler \
  -ACODE=00h-07FFh,0800h-0EFFh -ASTRCODE=00h-0EFFh -ASTRING=00h-0FFhx15 \
  -ACONST=00h-0FFhx15 -AENTRY=00h-0FFhx15 -ACOMMON=071h-07Fh \
  -ABANK0=020h-06Fh -ABANK1=0A0h-0EFh -ABANK2=0120h-0164h \
  -ARAM=020h-06Fh,0A0h-0EFh,0120h-0164h \
  -AABS1=020h-07Fh,0A0h-0EFh,0120h-016Fh -ASFR0=00h-01Fh -ASFR1=080h-09Fh \
  -ASFR2=0100h-011Fh -ASFR3=0180h-01F0h -ACONFIG=02007h-02008h -DCONFIG=2 \
  -AIDLOC=02000h-02003h -DIDLOC=2 -AEEDATA=00h-0FFh/02100h \
  -peeprom_data=EEDATA -DEEDATA=2 -DCODE=2 -DSTRCODE=2 -DSTRING=2 -DCONST=2 \
  -DENTRY=2 -preset_vec=00h,intentry=04h,sivt,init,end_init -ppowerup=CODE \
  -pcinit=CODE -pfunctab=ENTRY -k /tmp/xcXEaHGgf/driver_tmp_12.o \
  dist/default/debug/PIC_Test.X.debug.o 

Object code version is 3.11

Machine type is 16F883



                Name                               Link     Load   Length Selector   Space Scale
/tmp/xcXEaHGgf/driver_tmp_12.o
                end_init                              B        B        2        8       0
                reset_vec                             0        0        3        0       0
                config                             2007     2007        1        0       4
dist/default/debug/PIC_Test.X.debug.o
                cinit                                 D        D       28        8       0
                intentry                              4        4        7        8       0
                config                             2007     2007        1        0       4
                text19                              EB6      EB6       4A     1D6C       0
                text18                              6B2      6B2       66        8       0
                text17                              E6E      E6E       48     1CDC       0
                text16                              DCA      DCA       27     1B94       0
                text15                              718      718       5E        8       0
                text14                              646      646       6C        8       0
                text13                              E40      E40       2E     1C80       0
                text12                              E18      E18       28     1C30       0
                text11                              D31      D31       11     1A62       0
                text10                              D53      D53       13     1AA6       0
                text9                               DA6      DA6       24     1B4C       0
                text8                               776      776       4F        8       0
                text7                               D84      D84       22     1B08       0
                text6                               D66      D66       1E     1ACC       0
                text5                               D03      D03        F     1A06       0
                text4                               7C5      7C5       36        8       0
                text3                               CF5      CF5        E     19EA       0
                text2                               D12      D12        F     1A24       0
                text1                               DF1      DF1       27     1BE2       0
                maintext                             35       35      611        8       0
                cstackBANK0                          47       47       1D       20       1
                cstackCOMMON                         71       71        9       71       1
                cstackBANK1                          CE       CE        8       A0       1
                clrtext                             CED      CED        8     19DA       0
                inittext                            D42      D42       11     1A84       0
                dataBANK1                            BE       BE       10       A0       1
                bssBANK1                             A0       A0       1E       A0       1
                dataBANK0                            64       64        7       20       1
                bssBANK0                             20       20       27       20       1
                bssCOMMON                            7A       7A        2       71       1
                idataBANK1                          D21      D21       10     1A42       0
                idataBANK0                          CE6      CE6        7     19CC       0

TOTAL           Name                               Link     Load   Length     Space
        CLASS   CODE           
                end_init                              B        B        2         0
                cinit                                 D        D       28         0
                intentry                              4        4        7         0
                reset_vec                             0        0        3         0
                text19                              EB6      EB6       4A         0
                text18                              6B2      6B2       66         0
                text17                              E6E      E6E       48         0
                text16                              DCA      DCA       27         0
                text15                              718      718       5E         0
                text14                              646      646       6C         0
                text13                              E40      E40       2E         0
                text12                              E18      E18       28         0
                text11                              D31      D31       11         0
                text10                              D53      D53       13         0
                text9                               DA6      DA6       24         0
                text8                               776      776       4F         0
                text7                               D84      D84       22         0
                text6                               D66      D66       1E         0
                text5                               D03      D03        F         0
                text4                               7C5      7C5       36         0
                text3                               CF5      CF5        E         0
                text2                               D12      D12        F         0
                text1                               DF1      DF1       27         0
                maintext                             35       35      611         0
                clrtext                             CED      CED        8         0
                inittext                            D42      D42       11         0
                idataBANK1                          D21      D21       10         0
                idataBANK0                          CE6      CE6        7         0

        CLASS   STRCODE        

        CLASS   STRING         

        CLASS   CONST          

        CLASS   ENTRY          

        CLASS   COMMON         
                cstackCOMMON                         71       71        9         1
                bssCOMMON                            7A       7A        2         1

        CLASS   BANK0          
                cstackBANK0                          47       47       1D         1
                dataBANK0                            64       64        7         1
                bssBANK0                             20       20       27         1

        CLASS   BANK1          
                cstackBANK1                          CE       CE        8         1
                dataBANK1                            BE       BE       10         1
                bssBANK1                             A0       A0       1E         1

        CLASS   BANK2          

        CLASS   RAM            

        CLASS   ABS1           
                abs_s1                               7E       7E        2         1

        CLASS   SFR0           

        CLASS   SFR1           

        CLASS   SFR2           

        CLASS   SFR3           

        CLASS   CONFIG         
                config                             2007     2007        1         4

        CLASS   IDLOC          

        CLASS   EEDATA         

        CLASS   BANK3          

        CLASS   HEAP           

        CLASS   STACK          



SEGMENTS        Name                           Load    Length   Top    Selector   Space  Class     Delta

                text2                          000D12  00000F  000D21      1A24       0  CODE        2
                text5                          000D03  00000F  000D12      1A06       0  CODE        2
                text10                         000D53  000013  000D66      1AA6       0  CODE        2
                text6                          000D66  00001E  000D84      1ACC       0  CODE        2
                text7                          000D84  000022  000DA6      1B08       0  CODE        2
                idataBANK1                     000D21  000010  000D31      1A42       0  CODE        2
                text11                         000D31  000011  000D42      1A62       0  CODE        2
                inittext                       000D42  000011  000D53      1A84       0  CODE        2
                clrtext                        000CED  000008  000CF5      19DA       0  CODE        2
                reset_vec                      000000  000003  000003         0       0  CODE        2
                idataBANK0                     000CE6  000007  000CED      19CC       0  CODE        2
                text3                          000CF5  00000E  000D03      19EA       0  CODE        2
                text9                          000DA6  000024  000DCA      1B4C       0  CODE        2
                bssBANK1                       0000A0  000036  0000D6        A0       1  BANK1       1
                bssBANK0                       000020  00004B  00006B        20       1  BANK0       1
                intentry                       000004  0007F7  0007FB         8       0  CODE        2
                cstackCOMMON                   000071  00000B  00007C        71       1  COMMON      1
                text19                         000EB6  00004A  000F00      1D6C       0  CODE        2
                text1                          000DF1  000027  000E18      1BE2       0  CODE        2
                text16                         000DCA  000027  000DF1      1B94       0  CODE        2
                text12                         000E18  000028  000E40      1C30       0  CODE        2
                text17                         000E6E  000048  000EB6      1CDC       0  CODE        2
                text13                         000E40  00002E  000E6E      1C80       0  CODE        2


UNUSED ADDRESS RANGES

        Name                Unused          Largest block    Delta
        BANK0            006B-006F              5           1
        BANK1            00D6-00EF             1A           1
        BANK2            0120-0164             45           1
        CODE             0003-0003              1           2
                         07FB-0CE5              5
        COMMON           007C-007D              2           1
        CONFIG           2008-2008              1           2
        CONST            0003-0003              1           2
                         07FB-0CE5            100
        EEDATA           2100-21FF            100           2
        ENTRY            0003-0003              1           2
                         07FB-0CE5            100
        IDLOC            2000-2003              4           2
        RAM              006B-006F              5           1
                         00D6-00EF             1A
                         0120-0164             45
        SFR0             0000-001F             20           1
        SFR1             0080-009F             20           1
        SFR2             0100-011F             20           1
        SFR3             0180-01F0             71           1
        STRCODE          0003-0003              1           2
                         07FB-0CE5            4EB
        STRING           0003-0003              1           2
                         07FB-0CE5            100

                                  Symbol Table

?_EEPROM_Read16                         cstackCOMMON 0074
?___lldiv                               cstackBANK0  004F
?___lmul                                cstackBANK0  0047
?___wmul                                cstackBANK0  005C
?_readADC                               cstackCOMMON 0073
EEPROM_Read16@address                   cstackBANK0  0049
EEPROM_Read16@result                    cstackBANK0  0047
EEPROM_Read@address                     cstackCOMMON 0073
EEPROM_Write16@address                  cstackCOMMON 0077
EEPROM_Write16@data                     cstackCOMMON 0075
EEPROM_Write@address                    cstackCOMMON 0074
EEPROM_Write@data                       cstackCOMMON 0073
_ADCON0                                 (abs)        001F
_ADCON0bits                             (abs)        001F
_ADCON1                                 (abs)        009F
_ADRESH                                 (abs)        001E
_ADRESL                                 (abs)        009E
_ANSEL                                  (abs)        0188
_ANSELH                                 (abs)        0189
_EEADR                                  (abs)        010D
_EECON1bits                             (abs)        018C
_EECON2                                 (abs)        018D
_EEDATA                                 (abs)        010C
_EEPROM_Read                            text10       0D53
_EEPROM_Read16                          text9        0DA6
_EEPROM_Write                           text6        0D66
_EEPROM_Write16                         text5        0D03
_INTCONbits                             (abs)        000B
_OPTION_REGbits                         (abs)        0081
_OSCCONbits                             (abs)        008F
_PIE1bits                               (abs)        008C
_PIR1bits                               (abs)        000C
_PORTA                                  (abs)        0005
_PORTAbits                              (abs)        0005
_PORTB                                  (abs)        0006
_PORTBbits                              (abs)        0006
_PORTC                                  (abs)        0007
_PORTCbits                              (abs)        0007
_T1CON                                  (abs)        0010
_T1CONbits                              (abs)        0010
_TMR0                                   (abs)        0001
_TMR1H                                  (abs)        000F
_TMR1L                                  (abs)        000E
_TRISA                                  (abs)        0085
_TRISB                                  (abs)        0086
_TRISC                                  (abs)        0087
__H__absolute__                         __absolute__ 0000
__Habs1                                 abs1         0000
__Hbank0                                bank0        0000
__Hbank1                                bank1        0000
__Hbank2                                bank2        0000
__Hbank3                                bank3        0000
__HbssBANK0                             bssBANK0     0000
__HbssBANK1                             bssBANK1     0000
__HbssCOMMON                            bssCOMMON    0000
__Hcinit                                cinit        0035
__Hclrtext                              clrtext      0000
__Hcode                                 code         0000
__Hcommon                               common       0000
__Hconfig                               config       2008
__HcstackBANK0                          cstackBANK0  0000
__HcstackBANK1                          cstackBANK1  0000
__HcstackCOMMON                         cstackCOMMON 0000
__HdataBANK0                            dataBANK0    0000
__HdataBANK1                            dataBANK1    0000
__Heeprom_data                          eeprom_data  0000
__Hend_init                             end_init     000D
__Hfunctab                              functab      0000
__Hheap                                 heap         0000
__HidataBANK0                           idataBANK0   0000
__HidataBANK1                           idataBANK1   0000
__Hinit                                 init         000B
__Hinittext                             inittext     0000
__Hintentry                             intentry     000B
__Hmaintext                             maintext     0000
__Hpowerup                              powerup      0000
__Hram                                  ram          0000
__Hreset_vec                            reset_vec    0003
__Hsfr0                                 sfr0         0000
__Hsfr1                                 sfr1         0000
__Hsfr2                                 sfr2         0000
__Hsfr3                                 sfr3         0000
__Hsivt                                 sivt         000B
__Hspace_0                              (abs)        0F00
__Hspace_1                              (abs)        00D6
__Hspace_2                              (abs)        0000
__Hspace_3                              (abs)        0000
__Hspace_4                              (abs)        400F
__Hstack                                stack        0000
__Hstrings                              strings      0000
__Htext                                 text         0000
__L__absolute__                         __absolute__ 0000
__Labs1                                 abs1         0000
__Lbank0                                bank0        0000
__Lbank1                                bank1        0000
__Lbank2                                bank2        0000
__Lbank3                                bank3        0000
__LbssBANK0                             bssBANK0     0000
__LbssBANK1                             bssBANK1     0000
__LbssCOMMON                            bssCOMMON    0000
__Lcinit                                cinit        000D
__Lclrtext                              clrtext      0000
__Lcode                                 code         0000
__Lcommon                               common       0000
__Lconfig                               config       0000
__LcstackBANK0                          cstackBANK0  0000
__LcstackBANK1                          cstackBANK1  0000
__LcstackCOMMON                         cstackCOMMON 0000
__LdataBANK0                            dataBANK0    0000
__LdataBANK1                            dataBANK1    0000
__Leeprom_data                          eeprom_data  0000
__Lend_init                             end_init     000B
__Lfunctab                              functab      0000
__Lheap                                 heap         0000
__LidataBANK0                           idataBANK0   0000
__LidataBANK1                           idataBANK1   0000
__Linit                                 init         000B
__Linittext                             inittext     0000
__Lintentry                             intentry     0004
__Lmaintext                             maintext     0000
__Lpowerup                              powerup      0000
__Lram                                  ram          0000
__Lreset_vec                            reset_vec    0000
__Lsfr0                                 sfr0         0000
__Lsfr1                                 sfr1         0000
__Lsfr2                                 sfr2         0000
__Lsfr3                                 sfr3         0000
__Lsivt                                 sivt         000B
__Lspace_0                              (abs)        0000
__Lspace_1                              (abs)        0000
__Lspace_2                              (abs)        0000
__Lspace_3                              (abs)        0000
__Lspace_4                              (abs)        0000
__Lstack                                stack        0000
__Lstrings                              strings      0000
__Ltext                                 text         0000
__S0                                    (abs)        0F00
__S1                                    (abs)        00D6
__S3                                    (abs)        0000
___heap_hi                              (abs)        0000
___heap_lo                              (abs)        0000
___int_sp                               stack        0000
___int_stack_hi                         stack        0000
___int_stack_lo                         stack        0000
___latbits                              (abs)        0001
___lldiv                                text18       06B2
___lldiv@counter                        cstackBANK0  005B
___lldiv@dividend                       cstackBANK0  0053
___lldiv@divisor                        cstackBANK0  004F
___lldiv@quotient                       cstackBANK0  0057
___lmul                                 text17       0E6E
___lmul@multiplicand                    cstackBANK0  004B
___lmul@multiplier                      cstackBANK0  0047
___lmul@product                         cstackCOMMON 0074
___sp                                   stack        0000
___stack_hi                             stack        0000
___stack_lo                             stack        0000
___stackhi                              (abs)        0000
___stacklo                              (abs)        0000
___wmul                                 text16       0DCA
___wmul@multiplicand                    cstackBANK0  005E
___wmul@multiplier                      cstackBANK0  005C
___wmul@product                         cstackBANK0  0060
__end_of_EEPROM_Read                    text10       0D66
__end_of_EEPROM_Read16                  text9        0DCA
__end_of_EEPROM_Write                   text6        0D84
__end_of_EEPROM_Write16                 text5        0D12
__end_of___lldiv                        text18       0718
__end_of___lmul                         text17       0EB6
__end_of___wmul                         text16       0DF1
__end_of__initialization                cinit        0032
__end_of_buzzer_update                  text15       0776
__end_of_check_button_press             text14       06B2
__end_of_getSensorResults               text13       0E6E
__end_of_initSystem                     text12       0E40
__end_of_init_timer                     text11       0D42
__end_of_isr                            text19       0F00
__end_of_loadSettings                   text8        07C5
__end_of_main                           maintext     0646
__end_of_readADC                        text7        0DA6
__end_of_saveSettings                   text4        07FB
__end_of_setupTimer0                    text3        0D03
__end_of_startSensorReading             text2        0D21
__end_of_trigger_buzzer                 text1        0E18
__initialization                        cinit        000D
__pbssBANK0                             bssBANK0     0020
__pbssBANK1                             bssBANK1     00A0
__pbssCOMMON                            bssCOMMON    007A
__pcstackBANK0                          cstackBANK0  0047
__pcstackBANK1                          cstackBANK1  00CE
__pcstackCOMMON                         cstackCOMMON 0071
__pdataBANK0                            dataBANK0    0064
__pdataBANK1                            dataBANK1    00BE
__pidataBANK0                           idataBANK0   0CE6
__pidataBANK1                           idataBANK1   0D21
__pintentry                             intentry     0004
__pmaintext                             maintext     0035
__ptext1                                text1        0DF1
__ptext10                               text10       0D53
__ptext11                               text11       0D31
__ptext12                               text12       0E18
__ptext13                               text13       0E40
__ptext14                               text14       0646
__ptext15                               text15       0718
__ptext16                               text16       0DCA
__ptext17                               text17       0E6E
__ptext18                               text18       06B2
__ptext19                               text19       0EB6
__ptext2                                text2        0D12
__ptext3                                text3        0CF5
__ptext4                                text4        07C5
__ptext5                                text5        0D03
__ptext6                                text6        0D66
__ptext7                                text7        0D84
__ptext8                                text8        0776
__ptext9                                text9        0DA6
_buzzer_active                          bssBANK0     0032
_buzzer_duration                        bssBANK1     00B4
_buzzer_start_time                      bssBANK1     00A4
_buzzer_update                          text15       0718
_check_button_press                     text14       0646
_dryrunerror                            bssBANK0     0039
_dryruntime                             bssBANK1     00B8
_flow_sensor_active                     bssBANK0     0044
_flow_sensor_high_count                 bssBANK0     003E
_flowactive                             bssBANK0     0034
_getSensorResults                       text13       0E40
_high_sensor_active                     bssBANK0     0045
_high_sensor_high_count                 bssBANK0     003F
_initSystem                             text12       0E18
_init_timer                             text11       0D31
_isr                                    text19       0EB6
_last_millis                            bssBANK1     00B0
_lastdryruncheck                        bssBANK1     00AC
_lastflowcheck                          bssBANK0     0030
_lastsensorcheck                        bssBANK0     0020
_lastvoltageerror                       bssBANK0     0024
_loadSettings                           text8        0776
_low_sensor_active                      bssBANK0     0046
_low_sensor_high_count                  bssCOMMON    007A
_lt                                     bssBANK1     00A0
_main                                   maintext     0035
_mannualon                              bssBANK0     003B
_maximumrinningvoltage                  dataBANK1    00CC
_maxruntime                             dataBANK1    00BE
_maxruntimeindex                        dataBANK0    006A
_maxvoltagelimit                        dataBANK0    0066
_millis                                 bssBANK0     0028
_minimumrunningvoltage                  dataBANK0    0064
_minvoltagelimit                        dataBANK0    0068
_motorrunning                           bssBANK0     0037
_motorstarttime                         bssBANK1     00A8
_potraw                                 bssBANK1     00BC
_pretankempty                           bssBANK0     0035
_readADC                                text7        0D84
_reading_count                          bssCOMMON    007B
_saveSettings                           text4        07C5
_seconds_counter                        bssBANK0     002C
_sensors_reading_complete               bssBANK0     003D
_sensors_reading_in_progress            bssBANK0     003C
_setupTimer0                            text3        0CF5
_startSensorReading                     text2        0D12
_tankempty                              bssBANK0     0036
_timeouterror                           bssBANK0     0038
_trigger_buzzer                         text1        0DF1
_voltage                                bssBANK0     0040
_voltageerror                           bssBANK0     003A
_voltageraw                             bssBANK1     00BA
_voltagesum                             bssBANK1     00B6
btemp                                   (abs)        007E
check_button_press@hold_count           cstackCOMMON 0077
check_button_press@long_press           cstackCOMMON 0079
check_button_press@long_press_threshold cstackCOMMON 0075
clear_ram0                              clrtext      0CED
end_of_initialization                   cinit        0032
getSensorResults@flow_active            cstackCOMMON 0075
getSensorResults@high_active            cstackCOMMON 0074
getSensorResults@low_active             cstackCOMMON 0073
init_fetch0                             inittext     0D42
init_ram0                               inittext     0D46
interrupt_function                      intentry     0004
intlevel0                               functab      0000
intlevel1                               functab      0000
intlevel2                               functab      0000
intlevel3                               functab      0000
intlevel4                               functab      0000
intlevel5                               functab      0000
loadSettings@value16bit1                cstackBANK0  004B
loadSettings@value16bit2                cstackBANK0  004C
loadSettings@value16bit3                cstackBANK0  004D
loadSettings@value16bit4                cstackBANK0  004E
loadSettings@value8bit                  cstackBANK0  004A
main@i                                  cstackBANK0  0063
main@is_long_press                      cstackBANK0  0062
readADC@channel                         cstackCOMMON 0076
reset_vec                               reset_vec    0000
saveSettings@value16bit1                cstackBANK0  0047
saveSettings@value16bit2                cstackBANK0  0049
saveSettings@value16bit3                cstackBANK0  004B
saveSettings@value16bit4                cstackBANK0  004D
saveSettings@value8bit                  cstackCOMMON 0078
saved_w                                 (abs)        007E
start                                   init         000B
start_initialization                    cinit        000D
trigger_buzzer@duration_seconds         cstackCOMMON 0073
wtemp0                                  (abs)        007E


MODULE INFORMATION

Module		Function		Class		Link	Load	Size
/opt/microchip/xc8/v3.00/pic/sources/c99/common/Umul16.c
		___wmul        		CODE           	0DCA	0000	39

/opt/microchip/xc8/v3.00/pic/sources/c99/common/Umul16.c estimated size: 39

shared
		__initialization		CODE           	000D	0000	37

shared estimated size: 37

/opt/microchip/xc8/v3.00/pic/sources/c99/common/__lldiv.c
		___lldiv       		CODE           	06B2	0000	102

/opt/microchip/xc8/v3.00/pic/sources/c99/common/__lldiv.c estimated size: 102

/opt/microchip/xc8/v3.00/pic/sources/c99/common/Umul32.c
		___lmul        		CODE           	0E6E	0000	72

/opt/microchip/xc8/v3.00/pic/sources/c99/common/Umul32.c estimated size: 72

main.c
		_getSensorResults		CODE           	0E40	0000	46
		_saveSettings  		CODE           	07C5	0000	54
		_initSystem    		CODE           	0E18	0000	40
		_EEPROM_Read   		CODE           	0D53	0000	19
		_startSensorReading		CODE           	0D12	0000	15
		_loadSettings  		CODE           	0776	0000	79
		_EEPROM_Write  		CODE           	0D66	0000	30
		_main          		CODE           	0035	0000	1553
		_EEPROM_Read16 		CODE           	0DA6	0000	36
		_trigger_buzzer		CODE           	0DF1	0000	39
		_EEPROM_Write16		CODE           	0D03	0000	15
		_buzzer_update 		CODE           	0718	0000	94
		_init_timer    		CODE           	0D31	0000	17
		_isr           		CODE           	0EB6	0000	74
		_check_button_press		CODE           	0646	0000	108
		_readADC       		CODE           	0D84	0000	34
		_setupTimer0   		CODE           	0CF5	0000	14

main.c estimated size: 2267

