Microchip MPLAB XC8 Compiler V3.00

Linker command line:

-W-3 --edf=/opt/microchip/xc8/v3.00/pic/dat/20241204225717_en.msgs -cn \
  -h+dist/default/production/Water_Tank_Controller_PIC.production.sym \
  --cmf=dist/default/production/Water_Tank_Controller_PIC.production.cmf -z \
  -Q16F883 -o/tmp/xcXgNpebF/driver_tmp_3.o --defsym=__MPLAB_BUILD=1 \
  --fixupoverflow=error \
  -Mdist/default/production/Water_Tank_Controller_PIC.production.map \
  --md=/tmp/xcXgNpebF/driver_tmp_0.dat -E1 -ver=XC8 Compiler \
  -ACODE=00h-07FFhx2 -ASTRCODE=00h-0FFFh -ASTRING=00h-0FFhx16 \
  -ACONST=00h-0FFhx16 -AENTRY=00h-0FFhx16 -ACOMMON=070h-07Fh \
  -ABANK0=020h-06Fh -ABANK1=0A0h-0EFh -ABANK2=0120h-016Fh \
  -ARAM=020h-06Fh,0A0h-0EFh,0120h-016Fh \
  -AABS1=020h-07Fh,0A0h-0EFh,0120h-016Fh -ASFR0=00h-01Fh -ASFR1=080h-09Fh \
  -ASFR2=0100h-011Fh -ASFR3=0180h-01EFh -ACONFIG=02007h-02008h -DCONFIG=2 \
  -AIDLOC=02000h-02003h -DIDLOC=2 -AEEDATA=00h-0FFh/02100h \
  -peeprom_data=EEDATA -DEEDATA=2 -DCODE=2 -DSTRCODE=2 -DSTRING=2 -DCONST=2 \
  -DENTRY=2 -preset_vec=00h,intentry=04h,sivt,init,end_init -ppowerup=CODE \
  -pcinit=CODE -pfunctab=ENTRY -k /tmp/xcXgNpebF/driver_tmp_12.o \
  dist/default/production/Water_Tank_Controller_PIC.production.o 

Object code version is 3.11

Machine type is 16F883



                Name                               Link     Load   Length Selector   Space Scale
/tmp/xcXgNpebF/driver_tmp_12.o
                end_init                              B        B        2        8       0
                reset_vec                             0        0        2        0       0
                config                             2007     2007        1        0       4
dist/default/production/Water_Tank_Controller_PIC.production.o
                cinit                                 D        D       16        8       0
                intentry                              4        4        7        8       0
                config                             2007     2007        1        0       4
                text23                              BC8      BC8       4A     1790       0
                text22                              ABC      ABC       1E     1578       0
                text21                              7B4      7B4       4A        8       0
                text20                              E06      E06       6C     1C0C       0
                text19                              CCE      CCE       66     199C       0
                text18                              D34      D34       69     1A68       0
                text17                              A89      A89       10     1512       0
                text16                              C6B      C6B       63     18D6       0
                text15                              C12      C12       59     1824       0
                text14                              705      705       AF        8       0
                text13                              D9D      D9D       69     1B3A       0
                text12                              AAA      AAA       12     1554       0
                text11                              EE1      EE1      11F     1DC2       0
                text10                              B80      B80       48     1700       0
                text9                               B23      B23       2E     1646       0
                text8                               ADA      ADA       22     15B4       0
                text7                               A6C      A6C        E     14D8       0
                text6                               A7A      A7A        F     14F4       0
                text5                               4A0      4A0      265        8       0
                text4                               E72      E72       6F     1CE4       0
                text3                               B51      B51       2F     16A2       0
                text2                               A99      A99       11     1532       0
                text1                               AFC      AFC       27     15F8       0
                maintext                             23       23      47D        8       0
                cstackBANK0                          20       20       2F       20       1
                cstackCOMMON                         70       70        A       70       1
                cstackBANK1                          CB       CB        3       A0       1
                clrtext                             A64      A64        8     14C8       0
                bssBANK1                             A0       A0       2B       A0       1
                dataBANK0                            6E       6E        1       20       1
                bssBANK0                             4F       4F       1F       20       1
                bssCOMMON                            7A       7A        2       70       1
                strings                             800      800       1E     1000       0
                idataBANK0                          7FE      7FE        1        8       0

TOTAL           Name                               Link     Load   Length     Space
        CLASS   CODE           
                end_init                              B        B        2         0
                cinit                                 D        D       16         0
                intentry                              4        4        7         0
                reset_vec                             0        0        2         0
                text23                              BC8      BC8       4A         0
                text22                              ABC      ABC       1E         0
                text21                              7B4      7B4       4A         0
                text20                              E06      E06       6C         0
                text19                              CCE      CCE       66         0
                text18                              D34      D34       69         0
                text17                              A89      A89       10         0
                text16                              C6B      C6B       63         0
                text15                              C12      C12       59         0
                text14                              705      705       AF         0
                text13                              D9D      D9D       69         0
                text12                              AAA      AAA       12         0
                text11                              EE1      EE1      11F         0
                text10                              B80      B80       48         0
                text9                               B23      B23       2E         0
                text8                               ADA      ADA       22         0
                text7                               A6C      A6C        E         0
                text6                               A7A      A7A        F         0
                text5                               4A0      4A0      265         0
                text4                               E72      E72       6F         0
                text3                               B51      B51       2F         0
                text2                               A99      A99       11         0
                text1                               AFC      AFC       27         0
                maintext                             23       23      47D         0
                clrtext                             A64      A64        8         0
                idataBANK0                          7FE      7FE        1         0

        CLASS   STRCODE        

        CLASS   STRING         
                strings                             800      800       1E         0

        CLASS   CONST          

        CLASS   ENTRY          

        CLASS   COMMON         
                cstackCOMMON                         70       70        A         1
                bssCOMMON                            7A       7A        2         1

        CLASS   BANK0          
                cstackBANK0                          20       20       2F         1
                dataBANK0                            6E       6E        1         1
                bssBANK0                             4F       4F       1F         1

        CLASS   BANK1          
                cstackBANK1                          CB       CB        3         1
                bssBANK1                             A0       A0       2B         1

        CLASS   BANK2          

        CLASS   RAM            

        CLASS   ABS1           
                abs_s1                               7E       7E        2         1

        CLASS   SFR0           

        CLASS   SFR1           

        CLASS   SFR2           

        CLASS   SFR3           

        CLASS   CONFIG         
                config                             2007     2007        1         4

        CLASS   IDLOC          

        CLASS   EEDATA         

        CLASS   BANK3          

        CLASS   HEAP           

        CLASS   STACK          



SEGMENTS        Name                           Load    Length   Top    Selector   Space  Class     Delta

                text23                         000BC8  00004A  000C12      1790       0  CODE        2
                text15                         000C12  000059  000C6B      1824       0  CODE        2
                text10                         000B80  000048  000BC8      1700       0  CODE        2
                text9                          000B23  00002E  000B51      1646       0  CODE        2
                text3                          000B51  00002F  000B80      16A2       0  CODE        2
                text13                         000D9D  000069  000E06      1B3A       0  CODE        2
                text20                         000E06  00006C  000E72      1C0C       0  CODE        2
                text18                         000D34  000069  000D9D      1A68       0  CODE        2
                text16                         000C6B  000063  000CCE      18D6       0  CODE        2
                text19                         000CCE  000066  000D34      199C       0  CODE        2
                text17                         000A89  000010  000A99      1512       0  CODE        2
                text2                          000A99  000011  000AAA      1532       0  CODE        2
                text6                          000A7A  00000F  000A89      14F4       0  CODE        2
                clrtext                        000A64  000008  000A6C      14C8       0  CODE        2
                text7                          000A6C  00000E  000A7A      14D8       0  CODE        2
                text8                          000ADA  000022  000AFC      15B4       0  CODE        2
                text1                          000AFC  000027  000B23      15F8       0  CODE        2
                strings                        000800  00001E  00081E      1000       0  STRING      2
                text12                         000AAA  000012  000ABC      1554       0  CODE        2
                text22                         000ABC  00001E  000ADA      1578       0  CODE        2
                cstackCOMMON                   000070  00000C  00007C        70       1  COMMON      1
                reset_vec                      000000  000002  000002         0       0  CODE        2
                intentry                       000004  0007FB  0007FF         8       0  CODE        2
                text4                          000E72  00006F  000EE1      1CE4       0  CODE        2
                text11                         000EE1  00011F  001000      1DC2       0  CODE        2
                cstackBANK0                    000020  00004F  00006F        20       1  BANK0       1
                bssBANK1                       0000A0  00002E  0000CE        A0       1  BANK1       1


UNUSED ADDRESS RANGES

        Name                Unused          Largest block    Delta
        BANK0            006F-006F              1           1
        BANK1            00CE-00EF             22           1
        BANK2            0120-016F             50           1
        CODE             0002-0003              2           2
                         07FF-07FF              1
                         081E-0A63            246
        COMMON           007C-007D              2           1
        CONFIG           2008-2008              1           2
        CONST            0002-0003              2           2
                         07FF-07FF              1
                         081E-0A63            100
        EEDATA           2100-21FF            100           2
        ENTRY            0002-0003              2           2
                         07FF-07FF              1
                         081E-0A63            100
        IDLOC            2000-2003              4           2
        RAM              006F-006F              1           1
                         00CE-00EF             22
                         0120-016F             50
        SFR0             0000-001F             20           1
        SFR1             0080-009F             20           1
        SFR2             0100-011F             20           1
        SFR3             0180-01EF             70           1
        STRCODE          0002-0003              2           2
                         07FF-07FF              1
                         081E-0A63            246
        STRING           0002-0003              2           2
                         07FF-07FF              1
                         081E-0A63            100

                                  Symbol Table

?___awdiv                               cstackCOMMON 0072
?___awmod                               cstackBANK0  0020
?___lldiv                               cstackBANK0  0025
?___lmul                                cstackCOMMON 0072
?_readADC                               cstackCOMMON 0072
EEPROM_Write@address                    cstackCOMMON 0073
EEPROM_Write@data                       cstackCOMMON 0072
_ADCON0                                 (abs)        001F
_ADCON0bits                             (abs)        001F
_ADCON1                                 (abs)        009F
_ADRESH                                 (abs)        001E
_ADRESL                                 (abs)        009E
_ANSEL                                  (abs)        0188
_ANSELH                                 (abs)        0189
_EEADR                                  (abs)        010D
_EECON1bits                             (abs)        018C
_EECON2                                 (abs)        018D
_EEDATA                                 (abs)        010C
_EEPROM_Write                           text22       0ABC
_INTCONbits                             (abs)        000B
_OPTION_REGbits                         (abs)        0081
_OSCCONbits                             (abs)        008F
_PIE1bits                               (abs)        008C
_PIR1bits                               (abs)        000C
_PORTA                                  (abs)        0005
_PORTAbits                              (abs)        0005
_PORTB                                  (abs)        0006
_PORTBbits                              (abs)        0006
_PORTC                                  (abs)        0007
_PORTCbits                              (abs)        0007
_T1CON                                  (abs)        0010
_T1CONbits                              (abs)        0010
_TMR0                                   (abs)        0001
_TMR1H                                  (abs)        000F
_TMR1L                                  (abs)        000E
_TRISA                                  (abs)        0085
_TRISB                                  (abs)        0086
_TRISC                                  (abs)        0087
__H__absolute__                         __absolute__ 0000
__Habs1                                 abs1         0000
__Hbank0                                bank0        0000
__Hbank1                                bank1        0000
__Hbank2                                bank2        0000
__Hbank3                                bank3        0000
__HbssBANK0                             bssBANK0     0000
__HbssBANK1                             bssBANK1     0000
__HbssCOMMON                            bssCOMMON    0000
__Hcinit                                cinit        0023
__Hclrtext                              clrtext      0000
__Hcode                                 code         0000
__Hcommon                               common       0000
__Hconfig                               config       2008
__HcstackBANK0                          cstackBANK0  0000
__HcstackBANK1                          cstackBANK1  0000
__HcstackCOMMON                         cstackCOMMON 0000
__HdataBANK0                            dataBANK0    0000
__Heeprom_data                          eeprom_data  0000
__Hend_init                             end_init     000D
__Hfunctab                              functab      0000
__Hheap                                 heap         0000
__HidataBANK0                           idataBANK0   0000
__Hinit                                 init         000B
__Hintentry                             intentry     000B
__Hmaintext                             maintext     0000
__Hpowerup                              powerup      0000
__Hram                                  ram          0000
__Hreset_vec                            reset_vec    0002
__Hsfr0                                 sfr0         0000
__Hsfr1                                 sfr1         0000
__Hsfr2                                 sfr2         0000
__Hsfr3                                 sfr3         0000
__Hsivt                                 sivt         000B
__Hspace_0                              (abs)        1000
__Hspace_1                              (abs)        00CE
__Hspace_2                              (abs)        0000
__Hspace_3                              (abs)        0000
__Hspace_4                              (abs)        400F
__Hstack                                stack        0000
__Hstrings                              strings      0000
__Htext                                 text         0000
__L__absolute__                         __absolute__ 0000
__Labs1                                 abs1         0000
__Lbank0                                bank0        0000
__Lbank1                                bank1        0000
__Lbank2                                bank2        0000
__Lbank3                                bank3        0000
__LbssBANK0                             bssBANK0     0000
__LbssBANK1                             bssBANK1     0000
__LbssCOMMON                            bssCOMMON    0000
__Lcinit                                cinit        000D
__Lclrtext                              clrtext      0000
__Lcode                                 code         0000
__Lcommon                               common       0000
__Lconfig                               config       0000
__LcstackBANK0                          cstackBANK0  0000
__LcstackBANK1                          cstackBANK1  0000
__LcstackCOMMON                         cstackCOMMON 0000
__LdataBANK0                            dataBANK0    0000
__Leeprom_data                          eeprom_data  0000
__Lend_init                             end_init     000B
__Lfunctab                              functab      0000
__Lheap                                 heap         0000
__LidataBANK0                           idataBANK0   0000
__Linit                                 init         000B
__Lintentry                             intentry     0004
__Lmaintext                             maintext     0000
__Lpowerup                              powerup      0000
__Lram                                  ram          0000
__Lreset_vec                            reset_vec    0000
__Lsfr0                                 sfr0         0000
__Lsfr1                                 sfr1         0000
__Lsfr2                                 sfr2         0000
__Lsfr3                                 sfr3         0000
__Lsivt                                 sivt         000B
__Lspace_0                              (abs)        0000
__Lspace_1                              (abs)        0000
__Lspace_2                              (abs)        0000
__Lspace_3                              (abs)        0000
__Lspace_4                              (abs)        0000
__Lstack                                stack        0000
__Lstrings                              strings      0000
__Ltext                                 text         0000
__S0                                    (abs)        1000
__S1                                    (abs)        00CE
__S3                                    (abs)        0000
___awdiv                                text16       0C6B
___awdiv@counter                        cstackCOMMON 0076
___awdiv@dividend                       cstackCOMMON 0074
___awdiv@divisor                        cstackCOMMON 0072
___awdiv@quotient                       cstackCOMMON 0078
___awdiv@sign                           cstackCOMMON 0077
___awmod                                text15       0C12
___awmod@counter                        cstackBANK0  0024
___awmod@dividend                       cstackBANK0  0022
___awmod@divisor                        cstackBANK0  0020
___awmod@sign                           cstackBANK0  0025
___heap_hi                              (abs)        0000
___heap_lo                              (abs)        0000
___int_sp                               stack        0000
___int_stack_hi                         stack        0000
___int_stack_lo                         stack        0000
___latbits                              (abs)        0001
___lldiv                                text19       0CCE
___lldiv@counter                        cstackBANK0  0032
___lldiv@dividend                       cstackBANK0  0029
___lldiv@divisor                        cstackBANK0  0025
___lldiv@quotient                       cstackBANK0  002E
___lmul                                 text10       0B80
___lmul@multiplicand                    cstackCOMMON 0076
___lmul@multiplier                      cstackCOMMON 0072
___lmul@product                         cstackBANK0  0021
___sp                                   stack        0000
___stack_hi                             stack        0000
___stack_lo                             stack        0000
___stackhi                              (abs)        0000
___stacklo                              (abs)        0000
__end_of_EEPROM_Write                   text22       0ADA
__end_of___awdiv                        text16       0CCE
__end_of___awmod                        text15       0C6B
__end_of___lldiv                        text19       0D34
__end_of___lmul                         text10       0BC8
__end_of__initialization                cinit        0020
__end_of__stringtab                     strings      0806
__end_of_blinkdelay                     strings      081E
__end_of_buzzer_update                  text21       07FE
__end_of_check_button_press             text20       0E72
__end_of_dispinfo                       text11       1000
__end_of_getSensorResults               text9        0B51
__end_of_getsensorreadings              text5        0705
__end_of_initLCD                        text4        0EE1
__end_of_initSystem                     text3        0B80
__end_of_init_timer                     text2        0AAA
__end_of_isr                            text23       0C12
__end_of_lcd_cmd                        text13       0E06
__end_of_lcd_data                       text18       0D9D
__end_of_lcd_display_bool_binary        text17       0A99
__end_of_lcd_display_int                text14       07B4
__end_of_lcd_set_cursor                 text12       0ABC
__end_of_main                           maintext     04A0
__end_of_maximumrinningvoltage          strings      0814
__end_of_maxruntime                     strings      0810
__end_of_maxvoltageerrortime            strings      081C
__end_of_maxvoltagelimit                strings      0818
__end_of_minimumrunningvoltage          strings      0816
__end_of_minvoltagelimit                strings      081A
__end_of_readADC                        text8        0AFC
__end_of_sensorbuffer                   strings      0812
__end_of_setupTimer0                    text7        0A7A
__end_of_startSensorReading             text6        0A89
__end_of_trigger_buzzer                 text1        0B23
__initialization                        cinit        000D
__pbssBANK0                             bssBANK0     004F
__pbssBANK1                             bssBANK1     00A0
__pbssCOMMON                            bssCOMMON    007A
__pcstackBANK0                          cstackBANK0  0020
__pcstackBANK1                          cstackBANK1  00CB
__pcstackCOMMON                         cstackCOMMON 0070
__pdataBANK0                            dataBANK0    006E
__pidataBANK0                           idataBANK0   07FE
__pintentry                             intentry     0004
__pmaintext                             maintext     0023
__pstrings                              strings      0800
__ptext1                                text1        0AFC
__ptext10                               text10       0B80
__ptext11                               text11       0EE1
__ptext12                               text12       0AAA
__ptext13                               text13       0D9D
__ptext14                               text14       0705
__ptext15                               text15       0C12
__ptext16                               text16       0C6B
__ptext17                               text17       0A89
__ptext18                               text18       0D34
__ptext19                               text19       0CCE
__ptext2                                text2        0A99
__ptext20                               text20       0E06
__ptext21                               text21       07B4
__ptext22                               text22       0ABC
__ptext23                               text23       0BC8
__ptext3                                text3        0B51
__ptext4                                text4        0E72
__ptext5                                text5        04A0
__ptext6                                text6        0A7A
__ptext7                                text7        0A6C
__ptext8                                text8        0ADA
__ptext9                                text9        0B23
__stringbase                            strings      0805
__stringtab                             strings      0800
_buzzer_active                          bssBANK0     005B
_buzzer_duration                        bssBANK1     00C0
_buzzer_start_time                      bssBANK1     00A8
_buzzer_update                          text21       07B4
_check_button_press                     text20       0E06
_dispinfo                               text11       0EE1
_dryrunerror                            bssBANK0     0062
_dryruntime                             bssBANK1     00C4
_flow_sensor_active                     bssBANK0     006B
_flow_sensor_high_count                 bssBANK0     0066
_flowactive                             bssBANK0     005D
_getSensorResults                       text9        0B23
_getsensorreadings                      text5        04A0
_high_sensor_active                     bssBANK0     006C
_high_sensor_high_count                 bssBANK0     0067
_initLCD                                text4        0E72
_initSystem                             text3        0B51
_init_timer                             text2        0A99
_isr                                    text23       0BC8
_last_millis                            bssBANK1     00BC
_lastdispupdt                           bssBANK1     00A0
_lastdryruncheck                        bssBANK1     00B8
_lastflowcheck                          bssBANK0     004F
_lastsensorcheck                        bssBANK1     00AC
_lastvoltageerror                       bssBANK1     00B0
_lcd_cmd                                text13       0D9D
_lcd_data                               text18       0D34
_lcd_display_bool_binary                text17       0A89
_lcd_display_int                        text14       0705
_lcd_set_cursor                         text12       0AAA
_low_sensor_active                      bssBANK0     006D
_low_sensor_high_count                  bssCOMMON    007A
_lt                                     bssBANK1     00A4
_main                                   maintext     0023
_mannualon                              bssBANK1     00CA
_maxruntime                             strings      0806
_maxruntimeindex                        dataBANK0    006E
_millis                                 bssBANK0     0053
_motorrunning                           bssBANK0     0060
_motorstarttime                         bssBANK1     00B4
_potraw                                 bssBANK1     00C8
_preflowactive                          bssBANK0     005C
_pretankempty                           bssBANK0     005E
_readADC                                text8        0ADA
_reading_count                          bssCOMMON    007B
_seconds_counter                        bssBANK0     0057
_sensors_reading_complete               bssBANK0     0065
_sensors_reading_in_progress            bssBANK0     0064
_settingsmode                           bssBANK0     0069
_setupTimer0                            text7        0A6C
_smc                                    bssBANK0     006A
_startSensorReading                     text6        0A7A
_tankempty                              bssBANK0     005F
_timeouterror                           bssBANK0     0061
_trigger_buzzer                         text1        0AFC
_voltage                                bssBANK0     0068
_voltageerror                           bssBANK0     0063
_voltageraw                             bssBANK1     00C6
_voltagesum                             bssBANK1     00C2
btemp                                   (abs)        007E
check_button_press@hold_count           cstackCOMMON 0076
check_button_press@long_press           cstackCOMMON 0078
check_button_press@long_press_threshold cstackCOMMON 0074
clear_ram0                              clrtext      0A64
dispinfo@refreshtime                    cstackBANK0  0043
end_of_initialization                   cinit        0020
getSensorResults@flow_active            cstackCOMMON 0074
getSensorResults@high_active            cstackCOMMON 0073
getSensorResults@low_active             cstackCOMMON 0072
getsensorreadings@i                     cstackBANK0  0037
interrupt_function                      intentry     0004
intlevel0                               functab      0000
intlevel1                               functab      0000
intlevel2                               functab      0000
intlevel3                               functab      0000
intlevel4                               functab      0000
intlevel5                               functab      0000
lcd_cmd@cmd                             cstackCOMMON 0073
lcd_data@data                           cstackCOMMON 0073
lcd_display_bool_binary@value           cstackCOMMON 0074
lcd_display_int@hundreds                cstackBANK0  0035
lcd_display_int@num                     cstackBANK0  0033
lcd_display_int@ones                    cstackBANK0  0039
lcd_display_int@tens                    cstackBANK0  0037
lcd_set_cursor@address                  cstackCOMMON 0076
lcd_set_cursor@col                      cstackCOMMON 0074
lcd_set_cursor@row                      cstackCOMMON 0075
main@i                                  cstackBANK1  00CD
main@is_long_press                      cstackBANK1  00CB
main@is_long_press_458                  cstackBANK1  00CC
readADC@channel                         cstackCOMMON 0075
reset_vec                               reset_vec    0000
saved_w                                 (abs)        007E
start                                   init         000B
start_initialization                    cinit        000D
trigger_buzzer@duration_seconds         cstackCOMMON 0072
wtemp0                                  (abs)        007E


MODULE INFORMATION

Module		Function		Class		Link	Load	Size
/opt/microchip/xc8/v3.00/pic/sources/c99/common/awdiv.c
		___awdiv       		CODE           	0C6B	0000	99

/opt/microchip/xc8/v3.00/pic/sources/c99/common/awdiv.c estimated size: 99

shared
		_minvoltagelimit		STRING         	0000	0000	0
		_maxruntime    		STRING         	0806	0000	10
		__stringtab    		STRING         	0800	0000	6
		_maxvoltagelimit		STRING         	0000	0000	0
		_minimumrunningvoltage		STRING         	0000	0000	0
		__initialization		CODE           	000D	0000	19
		_maxvoltageerrortime		STRING         	0000	0000	0
		_blinkdelay    		STRING         	0000	0000	0
		_maximumrinningvoltage		STRING         	0000	0000	0
		_sensorbuffer  		STRING         	0000	0000	0

shared estimated size: 35

/opt/microchip/xc8/v3.00/pic/sources/c99/common/awmod.c
		___awmod       		CODE           	0C12	0000	89

/opt/microchip/xc8/v3.00/pic/sources/c99/common/awmod.c estimated size: 89

/opt/microchip/xc8/v3.00/pic/sources/c99/common/__lldiv.c
		___lldiv       		CODE           	0CCE	0000	102

/opt/microchip/xc8/v3.00/pic/sources/c99/common/__lldiv.c estimated size: 102

/opt/microchip/xc8/v3.00/pic/sources/c99/common/Umul32.c
		___lmul        		CODE           	0B80	0000	72

/opt/microchip/xc8/v3.00/pic/sources/c99/common/Umul32.c estimated size: 72

main.c
		_getSensorResults		CODE           	0B23	0000	46
		_dispinfo      		CODE           	0EE1	0000	287
		_initSystem    		CODE           	0B51	0000	47
		_lcd_cmd       		CODE           	0D9D	0000	105
		_lcd_data      		CODE           	0D34	0000	105
		_startSensorReading		CODE           	0A7A	0000	15
		_EEPROM_Write  		CODE           	0ABC	0000	30
		_main          		CODE           	0023	0000	1149
		_trigger_buzzer		CODE           	0AFC	0000	39
		_lcd_set_cursor		CODE           	0AAA	0000	18
		_buzzer_update 		CODE           	07B4	0000	74
		_init_timer    		CODE           	0A99	0000	17
		_isr           		CODE           	0BC8	0000	74
		_check_button_press		CODE           	0E06	0000	108
		_lcd_display_bool_binary		CODE           	0A89	0000	16
		_lcd_display_int		CODE           	0705	0000	175
		_readADC       		CODE           	0ADA	0000	34
		_getsensorreadings		CODE           	04A0	0000	613
		_setupTimer0   		CODE           	0A6C	0000	14
		_initLCD       		CODE           	0E72	0000	111

main.c estimated size: 3077

